=== 5m partial-window model, best_iter=178
 elapsed  n      acc_model  acc_analytic  logloss_model  logloss_analytic  ECE_model
     1m  51870  0.6564     0.6569        0.6164         0.6209          0.0045
     2m  51870  0.7255     0.7268        0.5396         0.5457          0.0047
     3m  51870  0.7920     0.7924        0.4430         0.4521          0.0080
     4m  51870  0.8627     0.8645        0.3254         0.3383          0.0099
=== 15m partial-window model, best_iter=146
 elapsed  n      acc_model  acc_analytic  logloss_model  logloss_analytic  ECE_model
     1m  17290  0.5974     0.5951        0.6636         0.6654          0.0114
     2m  17290  0.6317     0.6350        0.6370         0.6377          0.0129
     3m  17290  0.6661     0.6713        0.6091         0.6108          0.0208
     4m  17290  0.6881     0.6898        0.5852         0.5874          0.0184
     5m  17290  0.7012     0.7061        0.5605         0.5626          0.0157
     6m  17290  0.7341     0.7345        0.5274         0.5311          0.0135
     7m  17290  0.7602     0.7617        0.4948         0.4997          0.0126
     8m  17290  0.7780     0.7792        0.4622         0.4681          0.0087
     9m  17290  0.8002     0.8040        0.4258         0.4335          0.0086
    10m  17290  0.8270     0.8283        0.3876         0.3962          0.0102
    11m  17290  0.8490     0.8504        0.3420         0.3487          0.0049
    12m  17290  0.8713     0.8725        0.2990         0.3058          0.0037
    13m  17290  0.8990     0.9003        0.2443         0.2518          0.0038
    14m  17290  0.9340     0.9348        0.1704         0.1773          0.0031
